// Jest Snapshot v1, https://goo.gl/fbAQLP

exports[`ConnectScreen component renders correctly 1`] = `
<View
  style={
    Object {
      "alignItems": "center",
      "backgroundColor": "#ededed",
      "flex": 1,
      "justifyContent": "center",
    }
  }
>
  <View>
    <Text
      accessible={true}
      allowFontScaling={true}
      ellipsizeMode="tail"
      style={
        Object {
          "color": "#2a2a2a",
          "fontSize": 45,
          "fontWeight": "bold",
          "textAlign": "center",
        }
      }
    >
      Kentico
    </Text>
    <Text
      accessible={true}
      allowFontScaling={true}
      ellipsizeMode="tail"
      style={
        Object {
          "color": "#2a2a2a",
          "fontSize": 40,
          "marginBottom": 50,
          "marginTop": 10,
          "textAlign": "center",
        }
      }
    >
      Pages
    </Text>
  </View>
  <View
    style={
      Object {
        "borderBottomWidth": 0,
        "borderColor": "#ddd",
        "borderRadius": 2,
        "borderWidth": 1,
        "elevation": 1,
        "marginLeft": 5,
        "marginRight": 5,
        "marginTop": 10,
        "shadowColor": "#000",
        "shadowOffset": Object {
          "height": 2,
          "width": 0,
        },
        "shadowOpacity": 0.1,
        "shadowRadius": 2,
      }
    }
  >
    <View
      style={
        Array [
          Object {
            "backgroundColor": "#ededed",
            "borderBottomWidth": 1,
            "borderColor": "#ddd",
            "flexDirection": "row",
            "justifyContent": "flex-start",
            "maxWidth": 450,
            "padding": 5,
            "position": "relative",
          },
          undefined,
        ]
      }
    >
      <View
        style={
          Array [
            Object {
              "alignItems": "center",
              "flexDirection": "row",
              "height": 40,
            },
            undefined,
          ]
        }
      >
        <Text
          accessible={true}
          allowFontScaling={true}
          ellipsizeMode="tail"
          style={
            Array [
              Object {
                "fontSize": 18,
                "paddingLeft": 20,
              },
              undefined,
            ]
          }
        >
          Address:
        </Text>
        <TextInput
          allowFontScaling={true}
          autoCorrect={false}
          onChangeText={[Function]}
          placeholder="127.0.0.1"
          secureTextEntry={undefined}
          style={
            Array [
              Object {
                "color": "#000",
                "fontSize": 18,
                "height": 40,
                "lineHeight": 23,
                "paddingLeft": 5,
                "paddingRight": 5,
                "width": 200,
              },
              undefined,
            ]
          }
          underlineColorAndroid="transparent"
          value="matusmkenticopages.azurewebsites.net"
        />
      </View>
    </View>
    <Text
      accessible={true}
      allowFontScaling={true}
      ellipsizeMode="tail"
      style={
        Object {
          "alignSelf": "center",
          "color": "red",
          "fontSize": 20,
        }
      }
    >
      
    </Text>
    <View
      style={
        Array [
          Object {
            "backgroundColor": "#ededed",
            "borderBottomWidth": 1,
            "borderColor": "#ddd",
            "flexDirection": "row",
            "justifyContent": "flex-start",
            "maxWidth": 450,
            "padding": 5,
            "position": "relative",
          },
          Object {
            "alignItems": "center",
            "justifyContent": "center",
          },
        ]
      }
    >
      <View
        style={
          Array [
            Object {
              "marginLeft": 15,
              "marginRight": 15,
            },
            Object {
              "shadowColor": "rgba(0,0,0, .4)",
              "shadowOffset": Object {
                "height": 1,
                "width": 1,
              },
              "shadowOpacity": 1,
              "shadowRadius": 1,
            },
            undefined,
            undefined,
          ]
        }
      >
        <View
          accessibilityComponentType={undefined}
          accessibilityLabel={undefined}
          accessibilityTraits={undefined}
          accessible={true}
          hasTVPreferredFocus={undefined}
          hitSlop={undefined}
          isTVSelectable={true}
          nativeID={undefined}
          onLayout={undefined}
          onResponderGrant={[Function]}
          onResponderMove={[Function]}
          onResponderRelease={[Function]}
          onResponderTerminate={[Function]}
          onResponderTerminationRequest={[Function]}
          onStartShouldSetResponder={[Function]}
          style={null}
          testID={undefined}
          tvParallaxProperties={undefined}
        >
          <View
            pointerEvents="box-only"
            style={
              Array [
                Object {
                  "alignItems": "center",
                  "backgroundColor": "#9E9E9E",
                  "flexDirection": "row",
                  "justifyContent": "center",
                  "padding": 19,
                },
                undefined,
                undefined,
                undefined,
                undefined,
                undefined,
                undefined,
                undefined,
                Object {
                  "padding": 12,
                },
                undefined,
                undefined,
                undefined,
                Object {
                  "backgroundColor": "#497d04",
                  "shadowColor": "#355e00",
                  "shadowOffset": Object {
                    "height": -3,
                    "width": 0,
                  },
                },
                undefined,
                undefined,
              ]
            }
          >
            <Text
              accessible={true}
              allowFontScaling={true}
              ellipsizeMode="tail"
              style={
                Array [
                  Object {},
                  undefined,
                  undefined,
                  undefined,
                  undefined,
                  undefined,
                  undefined,
                  undefined,
                  undefined,
                  undefined,
                  Array [
                    Object {
                      "color": "white",
                      "fontSize": 20,
                    },
                    undefined,
                    Object {
                      "fontSize": 17.5,
                    },
                    undefined,
                    undefined,
                    undefined,
                    undefined,
                    undefined,
                  ],
                ]
              }
            >
              Connect
            </Text>
          </View>
        </View>
      </View>
    </View>
  </View>
</View>
`;
