// Jest Snapshot v1, https://goo.gl/fbAQLP

exports[`LoadingScreen component renders correctly 1`] = `
<View
  style={
    Object {
      "alignItems": "center",
      "backgroundColor": "#ededed",
      "flex": 1,
      "justifyContent": "center",
      "width": 750,
    }
  }
>
  <View>
    <Text
      accessible={true}
      allowFontScaling={true}
      ellipsizeMode="tail"
      style={
        Object {
          "color": "#2a2a2a",
          "fontSize": 45,
          "fontWeight": "bold",
          "textAlign": "center",
        }
      }
    >
      Kentico
    </Text>
    <Text
      accessible={true}
      allowFontScaling={true}
      ellipsizeMode="tail"
      style={
        Object {
          "color": "#2a2a2a",
          "fontSize": 40,
          "marginBottom": 50,
          "marginTop": 10,
          "textAlign": "center",
        }
      }
    >
      Pages
    </Text>
  </View>
  <ActivityIndicator
    animating={true}
    color="#999999"
    hidesWhenStopped={true}
    size="large"
    style={
      Object {
        "alignItems": "center",
        "justifyContent": "center",
        "paddingTop": 150,
      }
    }
  />
</View>
`;
